// Jest Snapshot v1, https://goo.gl/fbAQLP

exports[`Formatting should format a JS Date 1`] = `"6/23/2017"`;

exports[`Formatting should format a LocalDate 1`] = `"8/22/2017"`;

exports[`Formatting should format a LocalDateTime 1`] = `"1/1/1970"`;

exports[`Formatting should format a LocalTime 1`] = `"12:00 am"`;

exports[`Formatting should format an integer (epoch days) 1`] = `"8/22/2017"`;

exports[`Formatting should format with default string 1`] = `"1/1/1970 12:00 am"`;

exports[`Formatting should format with default string 2`] = `"1/1/1970 12:00 am"`;

exports[`Formatting should format with default string 3`] = `"1/1/1970"`;

exports[`Formatting should format with default string 4`] = `"1/1/1970"`;

exports[`Formatting should format with defaults 1`] = `"1/1/1970"`;

exports[`Formatting should format with defaults 2`] = `"1/1/1970"`;

exports[`Formatting should format with individual options 1`] = `"1/1/1970"`;

exports[`Formatting should format with individual options 2`] = `"Jan 1, 1970"`;

exports[`Formatting should format with individual options 3`] = `"January 1, 1970"`;

exports[`Formatting should format with individual options 4`] = `"1/1/1970 12:00 am"`;

exports[`Formatting should format with individual options 5`] = `"1/1/1970"`;

exports[`Formatting should format with individual options 6`] = `"1/1/1970"`;

exports[`Formatting should format with individual options 7`] = `"12:00 am"`;

exports[`Formatting should format with individual options 8`] = `""`;

exports[`Formatting should format with options 1`] = `"1/1/1970 12:00 am"`;

exports[`Formatting should format with options 2`] = `"Jan 1, 1970 12:00 am"`;

exports[`Formatting should format with options 3`] = `"January 1, 1970 12:00 am"`;

exports[`Formatting should use a custom date format 1`] = `"January_1_1970_12_00_am"`;
