// Jest Snapshot v1, https://goo.gl/fbAQLP

exports[`getNumberOfDaysInMonth should return an array of 5 for this month 1`] = `
Array [
  1,
  2,
  3,
  4,
  5,
]
`;

exports[`getNumberOfDaysInMonth should return an array of 30 for this month 1`] = `
Array [
  1,
  2,
  3,
  4,
  5,
  6,
  7,
  8,
  9,
  10,
  11,
  12,
  13,
  14,
  15,
  16,
  17,
  18,
  19,
  20,
  21,
  22,
  23,
  24,
  25,
  26,
  27,
  28,
  29,
  30,
]
`;

exports[`getNumberOfDaysInMonth should return the number 13 for this month 1`] = `13`;

exports[`getNumberOfDaysInMonth should return the number 28 for February 1`] = `28`;

exports[`getNumberOfDaysInMonth should return the number 30 for April 1`] = `30`;

exports[`getNumberOfDaysInMonth should return the number 31 for January 1`] = `31`;
