// Jest Snapshot v1, https://goo.gl/fbAQLP

exports[`JsonStringProperty should convert values 1`] = `"{\\"field1\\":\\"field1value\\",\\"field2\\":{\\"field3\\":\\"field3value\\"}}"`;

exports[`JsonStringProperty should convert values 2`] = `"{\\"field1\\":\\"field1value\\",\\"field2\\":{\\"field3\\":\\"field3value\\"}}"`;

exports[`JsonStringProperty should convert values 3`] = `"jsonb"`;
